!SESSION 2026-02-19 13:46:25.595 -----------------------------------------------
eclipse.buildId=4.38.0.20251204-0849
java.version=21.0.10
java.vendor=Eclipse Adoptium
BootLoader constants: OS=linux, ARCH=x86_64, WS=gtk, NL=en_US
Framework arguments:  -product org.eclipse.epp.package.committers.product
Command-line arguments:  -os linux -ws gtk -arch x86_64 -product org.eclipse.epp.package.committers.product

This is a continuation of log file /home/philipp/Documents/eclipse-workspaces/pr-plugin/.metadata/.bak_2.log
Created Time: 2026-02-19 14:36:28.513

!ENTRY org.eclipse.pde.api.tools 4 0 2026-02-19 14:36:28.513
!MESSAGE Error logged from API Tools Core: 
!STACK 1
org.eclipse.core.runtime.CoreException: Component 'Git Team Provider UI Test Fragment' in the baseline 'workspace' is disposed [Worker-56: Building]
	at org.eclipse.pde.api.tools.internal.model.BundleComponent.baselineDisposed(BundleComponent.java:1157)
	at org.eclipse.pde.api.tools.internal.model.BundleComponent.getBundleDescription(BundleComponent.java:912)
	at org.eclipse.pde.api.tools.internal.model.BundleComponent.createApiDescription(BundleComponent.java:401)
	at org.eclipse.pde.api.tools.internal.model.Component.getApiDescription(Component.java:106)
	at org.eclipse.pde.api.tools.internal.builder.MethodLeakDetector.matchesSourceApiRestrictions(MethodLeakDetector.java:159)
	at org.eclipse.pde.api.tools.internal.builder.MethodLeakDetector.considerReference(MethodLeakDetector.java:141)
	at org.eclipse.pde.api.tools.internal.builder.ReferenceAnalyzer$Visitor.visit(ReferenceAnalyzer.java:112)
	at org.eclipse.pde.api.tools.internal.model.ProjectTypeContainer.doVisit(ProjectTypeContainer.java:116)
	at org.eclipse.pde.api.tools.internal.model.ProjectTypeContainer.doVisit(ProjectTypeContainer.java:135)
	at org.eclipse.pde.api.tools.internal.model.ProjectTypeContainer.doVisit(ProjectTypeContainer.java:135)
	at org.eclipse.pde.api.tools.internal.model.ProjectTypeContainer.doVisit(ProjectTypeContainer.java:135)
	at org.eclipse.pde.api.tools.internal.model.ProjectTypeContainer.doVisit(ProjectTypeContainer.java:135)
	at org.eclipse.pde.api.tools.internal.model.ProjectTypeContainer.doVisit(ProjectTypeContainer.java:135)
	at org.eclipse.pde.api.tools.internal.model.ProjectTypeContainer.doVisit(ProjectTypeContainer.java:135)
	at org.eclipse.pde.api.tools.internal.model.ProjectTypeContainer.accept(ProjectTypeContainer.java:76)
	at org.eclipse.pde.api.tools.internal.model.AbstractApiTypeContainer.accept(AbstractApiTypeContainer.java:60)
	at org.eclipse.pde.api.tools.internal.model.Component.accept(Component.java:66)
	at org.eclipse.pde.api.tools.internal.builder.ReferenceAnalyzer.extractReferences(ReferenceAnalyzer.java:210)
	at org.eclipse.pde.api.tools.internal.builder.ReferenceAnalyzer.analyze(ReferenceAnalyzer.java:243)
	at org.eclipse.pde.api.tools.internal.builder.BaseApiAnalyzer.checkApiUsage(BaseApiAnalyzer.java:1253)
	at org.eclipse.pde.api.tools.internal.builder.BaseApiAnalyzer.analyzeComponent(BaseApiAnalyzer.java:293)
	at org.eclipse.pde.api.tools.internal.builder.ApiAnalysisBuilder.buildAll(ApiAnalysisBuilder.java:905)
	at org.eclipse.pde.api.tools.internal.builder.ApiAnalysisBuilder.work(ApiAnalysisBuilder.java:399)
	at org.eclipse.pde.api.tools.internal.builder.ApiAnalysisBuilder.build(ApiAnalysisBuilder.java:383)
	at org.eclipse.core.internal.events.BuildManager$2.run(BuildManager.java:1109)
	at org.eclipse.core.runtime.SafeRunner.run(SafeRunner.java:47)
	at org.eclipse.core.internal.events.BuildManager.basicBuild(BuildManager.java:299)
	at org.eclipse.core.internal.events.BuildManager.basicBuild(BuildManager.java:355)
	at org.eclipse.core.internal.events.BuildManager$1.run(BuildManager.java:449)
	at org.eclipse.core.runtime.SafeRunner.run(SafeRunner.java:47)
	at org.eclipse.core.internal.events.BuildManager.basicBuild(BuildManager.java:452)
	at org.eclipse.core.internal.events.BuildManager.basicBuildLoop(BuildManager.java:564)
	at org.eclipse.core.internal.events.BuildManager.basicBuildLoop(BuildManager.java:512)
	at org.eclipse.core.internal.events.BuildManager.build(BuildManager.java:594)
	at org.eclipse.core.internal.events.AutoBuildJob.doBuild(AutoBuildJob.java:208)
	at org.eclipse.core.internal.events.AutoBuildJob.run(AutoBuildJob.java:309)
	at org.eclipse.core.internal.jobs.Worker.run(Worker.java:63)
Caused by: java.lang.RuntimeException: Component was disposed here [Worker-57: Updating workspace]
	at org.eclipse.pde.api.tools.internal.model.BundleComponent.dispose(BundleComponent.java:199)
	at org.eclipse.pde.api.tools.internal.model.ProjectComponent.dispose(ProjectComponent.java:177)
	at org.eclipse.pde.api.tools.internal.model.ApiBaseline.doDispose(ApiBaseline.java:835)
	at org.eclipse.pde.api.tools.internal.model.WorkspaceBaseline.dispose(WorkspaceBaseline.java:55)
	at org.eclipse.pde.api.tools.internal.ApiBaselineManager.lambda$2(ApiBaselineManager.java:637)
	at org.eclipse.pde.api.tools.internal.ApiBaselineManager.disposeWorkspaceBaseline(ApiBaselineManager.java:660)
	at org.eclipse.pde.api.tools.internal.WorkspaceDeltaProcessor.processJavaElementDeltas(WorkspaceDeltaProcessor.java:108)
	at org.eclipse.pde.api.tools.internal.WorkspaceDeltaProcessor.elementChanged(WorkspaceDeltaProcessor.java:52)
	at org.eclipse.jdt.internal.core.DeltaProcessor$3.run(DeltaProcessor.java:1751)
	at org.eclipse.core.runtime.SafeRunner.run(SafeRunner.java:47)
	at org.eclipse.jdt.internal.core.DeltaProcessor.notifyListeners(DeltaProcessor.java:1739)
	at org.eclipse.jdt.internal.core.DeltaProcessor.firePostChangeDelta(DeltaProcessor.java:1572)
	at org.eclipse.jdt.internal.core.DeltaProcessor.fire(DeltaProcessor.java:1548)
	at org.eclipse.jdt.internal.core.DeltaProcessor.notifyAndFire(DeltaProcessor.java:2261)
	at org.eclipse.jdt.internal.core.DeltaProcessor.resourceChanged(DeltaProcessor.java:2153)
	at org.eclipse.jdt.internal.core.DeltaProcessingState.resourceChanged(DeltaProcessingState.java:490)
	at org.eclipse.core.internal.events.NotificationManager$1.run(NotificationManager.java:342)
	at org.eclipse.core.runtime.SafeRunner.run(SafeRunner.java:47)
	at org.eclipse.core.internal.events.NotificationManager.notify(NotificationManager.java:331)
	at org.eclipse.core.internal.events.NotificationManager.broadcastChanges(NotificationManager.java:185)
	at org.eclipse.core.internal.resources.Workspace.broadcastPostChange(Workspace.java:473)
	at org.eclipse.core.internal.resources.Workspace.endOperation(Workspace.java:1619)
	at org.eclipse.core.internal.resources.Workspace.run(Workspace.java:2522)
	at org.eclipse.core.internal.events.NotificationManager$NotifyJob.run(NotificationManager.java:68)
	... 1 more
!SUBENTRY 1 org.eclipse.pde.api.tools 4 123 2026-02-19 14:36:28.513
!MESSAGE Component 'Git Team Provider UI Test Fragment' in the baseline 'workspace' is disposed [Worker-56: Building]
!STACK 0
java.lang.RuntimeException: Component was disposed here [Worker-57: Updating workspace]
	at org.eclipse.pde.api.tools.internal.model.BundleComponent.dispose(BundleComponent.java:199)
	at org.eclipse.pde.api.tools.internal.model.ProjectComponent.dispose(ProjectComponent.java:177)
	at org.eclipse.pde.api.tools.internal.model.ApiBaseline.doDispose(ApiBaseline.java:835)
	at org.eclipse.pde.api.tools.internal.model.WorkspaceBaseline.dispose(WorkspaceBaseline.java:55)
	at org.eclipse.pde.api.tools.internal.ApiBaselineManager.lambda$2(ApiBaselineManager.java:637)
	at org.eclipse.pde.api.tools.internal.ApiBaselineManager.disposeWorkspaceBaseline(ApiBaselineManager.java:660)
	at org.eclipse.pde.api.tools.internal.WorkspaceDeltaProcessor.processJavaElementDeltas(WorkspaceDeltaProcessor.java:108)
	at org.eclipse.pde.api.tools.internal.WorkspaceDeltaProcessor.elementChanged(WorkspaceDeltaProcessor.java:52)
	at org.eclipse.jdt.internal.core.DeltaProcessor$3.run(DeltaProcessor.java:1751)
	at org.eclipse.core.runtime.SafeRunner.run(SafeRunner.java:47)
	at org.eclipse.jdt.internal.core.DeltaProcessor.notifyListeners(DeltaProcessor.java:1739)
	at org.eclipse.jdt.internal.core.DeltaProcessor.firePostChangeDelta(DeltaProcessor.java:1572)
	at org.eclipse.jdt.internal.core.DeltaProcessor.fire(DeltaProcessor.java:1548)
	at org.eclipse.jdt.internal.core.DeltaProcessor.notifyAndFire(DeltaProcessor.java:2261)
	at org.eclipse.jdt.internal.core.DeltaProcessor.resourceChanged(DeltaProcessor.java:2153)
	at org.eclipse.jdt.internal.core.DeltaProcessingState.resourceChanged(DeltaProcessingState.java:490)
	at org.eclipse.core.internal.events.NotificationManager$1.run(NotificationManager.java:342)
	at org.eclipse.core.runtime.SafeRunner.run(SafeRunner.java:47)
	at org.eclipse.core.internal.events.NotificationManager.notify(NotificationManager.java:331)
	at org.eclipse.core.internal.events.NotificationManager.broadcastChanges(NotificationManager.java:185)
	at org.eclipse.core.internal.resources.Workspace.broadcastPostChange(Workspace.java:473)
	at org.eclipse.core.internal.resources.Workspace.endOperation(Workspace.java:1619)
	at org.eclipse.core.internal.resources.Workspace.run(Workspace.java:2522)
	at org.eclipse.core.internal.events.NotificationManager$NotifyJob.run(NotificationManager.java:68)
	at org.eclipse.core.internal.jobs.Worker.run(Worker.java:63)

!ENTRY org.eclipse.pde.api.tools 4 0 2026-02-19 14:36:28.515
!MESSAGE Error logged from API Tools Core: 
!STACK 1
org.eclipse.core.runtime.CoreException: Component 'Git Team Provider UI Test Fragment' in the baseline 'workspace' is disposed [Worker-56: Building]
	at org.eclipse.pde.api.tools.internal.model.BundleComponent.baselineDisposed(BundleComponent.java:1157)
	at org.eclipse.pde.api.tools.internal.model.BundleComponent.getBundleDescription(BundleComponent.java:912)
	at org.eclipse.pde.api.tools.internal.model.BundleComponent.createApiDescription(BundleComponent.java:401)
	at org.eclipse.pde.api.tools.internal.model.Component.getApiDescription(Component.java:106)
	at org.eclipse.pde.api.tools.internal.builder.MethodLeakDetector.matchesSourceApiRestrictions(MethodLeakDetector.java:159)
	at org.eclipse.pde.api.tools.internal.builder.MethodLeakDetector.considerReference(MethodLeakDetector.java:141)
	at org.eclipse.pde.api.tools.internal.builder.ReferenceAnalyzer$Visitor.visit(ReferenceAnalyzer.java:112)
	at org.eclipse.pde.api.tools.internal.model.ProjectTypeContainer.doVisit(ProjectTypeContainer.java:116)
	at org.eclipse.pde.api.tools.internal.model.ProjectTypeContainer.doVisit(ProjectTypeContainer.java:135)
	at org.eclipse.pde.api.tools.internal.model.ProjectTypeContainer.doVisit(ProjectTypeContainer.java:135)
	at org.eclipse.pde.api.tools.internal.model.ProjectTypeContainer.doVisit(ProjectTypeContainer.java:135)
	at org.eclipse.pde.api.tools.internal.model.ProjectTypeContainer.doVisit(ProjectTypeContainer.java:135)
	at org.eclipse.pde.api.tools.internal.model.ProjectTypeContainer.doVisit(ProjectTypeContainer.java:135)
	at org.eclipse.pde.api.tools.internal.model.ProjectTypeContainer.doVisit(ProjectTypeContainer.java:135)
	at org.eclipse.pde.api.tools.internal.model.ProjectTypeContainer.accept(ProjectTypeContainer.java:76)
	at org.eclipse.pde.api.tools.internal.model.AbstractApiTypeContainer.accept(AbstractApiTypeContainer.java:60)
	at org.eclipse.pde.api.tools.internal.model.Component.accept(Component.java:66)
	at org.eclipse.pde.api.tools.internal.builder.ReferenceAnalyzer.extractReferences(ReferenceAnalyzer.java:210)
	at org.eclipse.pde.api.tools.internal.builder.ReferenceAnalyzer.analyze(ReferenceAnalyzer.java:243)
	at org.eclipse.pde.api.tools.internal.builder.BaseApiAnalyzer.checkApiUsage(BaseApiAnalyzer.java:1253)
	at org.eclipse.pde.api.tools.internal.builder.BaseApiAnalyzer.analyzeComponent(BaseApiAnalyzer.java:293)
	at org.eclipse.pde.api.tools.internal.builder.ApiAnalysisBuilder.buildAll(ApiAnalysisBuilder.java:905)
	at org.eclipse.pde.api.tools.internal.builder.ApiAnalysisBuilder.work(ApiAnalysisBuilder.java:399)
	at org.eclipse.pde.api.tools.internal.builder.ApiAnalysisBuilder.build(ApiAnalysisBuilder.java:383)
	at org.eclipse.core.internal.events.BuildManager$2.run(BuildManager.java:1109)
	at org.eclipse.core.runtime.SafeRunner.run(SafeRunner.java:47)
	at org.eclipse.core.internal.events.BuildManager.basicBuild(BuildManager.java:299)
	at org.eclipse.core.internal.events.BuildManager.basicBuild(BuildManager.java:355)
	at org.eclipse.core.internal.events.BuildManager$1.run(BuildManager.java:449)
	at org.eclipse.core.runtime.SafeRunner.run(SafeRunner.java:47)
	at org.eclipse.core.internal.events.BuildManager.basicBuild(BuildManager.java:452)
	at org.eclipse.core.internal.events.BuildManager.basicBuildLoop(BuildManager.java:564)
	at org.eclipse.core.internal.events.BuildManager.basicBuildLoop(BuildManager.java:512)
	at org.eclipse.core.internal.events.BuildManager.build(BuildManager.java:594)
	at org.eclipse.core.internal.events.AutoBuildJob.doBuild(AutoBuildJob.java:208)
	at org.eclipse.core.internal.events.AutoBuildJob.run(AutoBuildJob.java:309)
	at org.eclipse.core.internal.jobs.Worker.run(Worker.java:63)
Caused by: java.lang.RuntimeException: Component was disposed here [Worker-57: Updating workspace]
	at org.eclipse.pde.api.tools.internal.model.BundleComponent.dispose(BundleComponent.java:199)
	at org.eclipse.pde.api.tools.internal.model.ProjectComponent.dispose(ProjectComponent.java:177)
	at org.eclipse.pde.api.tools.internal.model.ApiBaseline.doDispose(ApiBaseline.java:835)
	at org.eclipse.pde.api.tools.internal.model.WorkspaceBaseline.dispose(WorkspaceBaseline.java:55)
	at org.eclipse.pde.api.tools.internal.ApiBaselineManager.lambda$2(ApiBaselineManager.java:637)
	at org.eclipse.pde.api.tools.internal.ApiBaselineManager.disposeWorkspaceBaseline(ApiBaselineManager.java:660)
	at org.eclipse.pde.api.tools.internal.WorkspaceDeltaProcessor.processJavaElementDeltas(WorkspaceDeltaProcessor.java:108)
	at org.eclipse.pde.api.tools.internal.WorkspaceDeltaProcessor.elementChanged(WorkspaceDeltaProcessor.java:52)
	at org.eclipse.jdt.internal.core.DeltaProcessor$3.run(DeltaProcessor.java:1751)
	at org.eclipse.core.runtime.SafeRunner.run(SafeRunner.java:47)
	at org.eclipse.jdt.internal.core.DeltaProcessor.notifyListeners(DeltaProcessor.java:1739)
	at org.eclipse.jdt.internal.core.DeltaProcessor.firePostChangeDelta(DeltaProcessor.java:1572)
	at org.eclipse.jdt.internal.core.DeltaProcessor.fire(DeltaProcessor.java:1548)
	at org.eclipse.jdt.internal.core.DeltaProcessor.notifyAndFire(DeltaProcessor.java:2261)
	at org.eclipse.jdt.internal.core.DeltaProcessor.resourceChanged(DeltaProcessor.java:2153)
	at org.eclipse.jdt.internal.core.DeltaProcessingState.resourceChanged(DeltaProcessingState.java:490)
	at org.eclipse.core.internal.events.NotificationManager$1.run(NotificationManager.java:342)
	at org.eclipse.core.runtime.SafeRunner.run(SafeRunner.java:47)
	at org.eclipse.core.internal.events.NotificationManager.notify(NotificationManager.java:331)
	at org.eclipse.core.internal.events.NotificationManager.broadcastChanges(NotificationManager.java:185)
	at org.eclipse.core.internal.resources.Workspace.broadcastPostChange(Workspace.java:473)
	at org.eclipse.core.internal.resources.Workspace.endOperation(Workspace.java:1619)
	at org.eclipse.core.internal.resources.Workspace.run(Workspace.java:2522)
	at org.eclipse.core.internal.events.NotificationManager$NotifyJob.run(NotificationManager.java:68)
	... 1 more
!SUBENTRY 1 org.eclipse.pde.api.tools 4 123 2026-02-19 14:36:28.515
!MESSAGE Component 'Git Team Provider UI Test Fragment' in the baseline 'workspace' is disposed [Worker-56: Building]
!STACK 0
java.lang.RuntimeException: Component was disposed here [Worker-57: Updating workspace]
	at org.eclipse.pde.api.tools.internal.model.BundleComponent.dispose(BundleComponent.java:199)
	at org.eclipse.pde.api.tools.internal.model.ProjectComponent.dispose(ProjectComponent.java:177)
	at org.eclipse.pde.api.tools.internal.model.ApiBaseline.doDispose(ApiBaseline.java:835)
	at org.eclipse.pde.api.tools.internal.model.WorkspaceBaseline.dispose(WorkspaceBaseline.java:55)
	at org.eclipse.pde.api.tools.internal.ApiBaselineManager.lambda$2(ApiBaselineManager.java:637)
	at org.eclipse.pde.api.tools.internal.ApiBaselineManager.disposeWorkspaceBaseline(ApiBaselineManager.java:660)
	at org.eclipse.pde.api.tools.internal.WorkspaceDeltaProcessor.processJavaElementDeltas(WorkspaceDeltaProcessor.java:108)
	at org.eclipse.pde.api.tools.internal.WorkspaceDeltaProcessor.elementChanged(WorkspaceDeltaProcessor.java:52)
	at org.eclipse.jdt.internal.core.DeltaProcessor$3.run(DeltaProcessor.java:1751)
	at org.eclipse.core.runtime.SafeRunner.run(SafeRunner.java:47)
	at org.eclipse.jdt.internal.core.DeltaProcessor.notifyListeners(DeltaProcessor.java:1739)
	at org.eclipse.jdt.internal.core.DeltaProcessor.firePostChangeDelta(DeltaProcessor.java:1572)
	at org.eclipse.jdt.internal.core.DeltaProcessor.fire(DeltaProcessor.java:1548)
	at org.eclipse.jdt.internal.core.DeltaProcessor.notifyAndFire(DeltaProcessor.java:2261)
	at org.eclipse.jdt.internal.core.DeltaProcessor.resourceChanged(DeltaProcessor.java:2153)
	at org.eclipse.jdt.internal.core.DeltaProcessingState.resourceChanged(DeltaProcessingState.java:490)
	at org.eclipse.core.internal.events.NotificationManager$1.run(NotificationManager.java:342)
	at org.eclipse.core.runtime.SafeRunner.run(SafeRunner.java:47)
	at org.eclipse.core.internal.events.NotificationManager.notify(NotificationManager.java:331)
	at org.eclipse.core.internal.events.NotificationManager.broadcastChanges(NotificationManager.java:185)
	at org.eclipse.core.internal.resources.Workspace.broadcastPostChange(Workspace.java:473)
	at org.eclipse.core.internal.resources.Workspace.endOperation(Workspace.java:1619)
	at org.eclipse.core.internal.resources.Workspace.run(Workspace.java:2522)
	at org.eclipse.core.internal.events.NotificationManager$NotifyJob.run(NotificationManager.java:68)
	at org.eclipse.core.internal.jobs.Worker.run(Worker.java:63)

!ENTRY org.eclipse.pde.api.tools 4 0 2026-02-19 14:36:28.518
!MESSAGE Error logged from API Tools Core: 
!STACK 1
org.eclipse.core.runtime.CoreException: Component 'Git Team Provider UI Test Fragment' in the baseline 'workspace' is disposed [Worker-56: Building]
	at org.eclipse.pde.api.tools.internal.model.BundleComponent.baselineDisposed(BundleComponent.java:1157)
	at org.eclipse.pde.api.tools.internal.model.BundleComponent.getBundleDescription(BundleComponent.java:912)
	at org.eclipse.pde.api.tools.internal.model.BundleComponent.createApiDescription(BundleComponent.java:401)
	at org.eclipse.pde.api.tools.internal.model.Component.getApiDescription(Component.java:106)
	at org.eclipse.pde.api.tools.internal.builder.MethodLeakDetector.matchesSourceApiRestrictions(MethodLeakDetector.java:159)
	at org.eclipse.pde.api.tools.internal.builder.MethodLeakDetector.considerReference(MethodLeakDetector.java:141)
	at org.eclipse.pde.api.tools.internal.builder.ReferenceAnalyzer$Visitor.visit(ReferenceAnalyzer.java:112)
	at org.eclipse.pde.api.tools.internal.model.ProjectTypeContainer.doVisit(ProjectTypeContainer.java:116)
	at org.eclipse.pde.api.tools.internal.model.ProjectTypeContainer.doVisit(ProjectTypeContainer.java:135)
	at org.eclipse.pde.api.tools.internal.model.ProjectTypeContainer.doVisit(ProjectTypeContainer.java:135)
	at org.eclipse.pde.api.tools.internal.model.ProjectTypeContainer.doVisit(ProjectTypeContainer.java:135)
	at org.eclipse.pde.api.tools.internal.model.ProjectTypeContainer.doVisit(ProjectTypeContainer.java:135)
	at org.eclipse.pde.api.tools.internal.model.ProjectTypeContainer.doVisit(ProjectTypeContainer.java:135)
	at org.eclipse.pde.api.tools.internal.model.ProjectTypeContainer.doVisit(ProjectTypeContainer.java:135)
	at org.eclipse.pde.api.tools.internal.model.ProjectTypeContainer.accept(ProjectTypeContainer.java:76)
	at org.eclipse.pde.api.tools.internal.model.AbstractApiTypeContainer.accept(AbstractApiTypeContainer.java:60)
	at org.eclipse.pde.api.tools.internal.model.Component.accept(Component.java:66)
	at org.eclipse.pde.api.tools.internal.builder.ReferenceAnalyzer.extractReferences(ReferenceAnalyzer.java:210)
	at org.eclipse.pde.api.tools.internal.builder.ReferenceAnalyzer.analyze(ReferenceAnalyzer.java:243)
	at org.eclipse.pde.api.tools.internal.builder.BaseApiAnalyzer.checkApiUsage(BaseApiAnalyzer.java:1253)
	at org.eclipse.pde.api.tools.internal.builder.BaseApiAnalyzer.analyzeComponent(BaseApiAnalyzer.java:293)
	at org.eclipse.pde.api.tools.internal.builder.ApiAnalysisBuilder.buildAll(ApiAnalysisBuilder.java:905)
	at org.eclipse.pde.api.tools.internal.builder.ApiAnalysisBuilder.work(ApiAnalysisBuilder.java:399)
	at org.eclipse.pde.api.tools.internal.builder.ApiAnalysisBuilder.build(ApiAnalysisBuilder.java:383)
	at org.eclipse.core.internal.events.BuildManager$2.run(BuildManager.java:1109)
	at org.eclipse.core.runtime.SafeRunner.run(SafeRunner.java:47)
	at org.eclipse.core.internal.events.BuildManager.basicBuild(BuildManager.java:299)
	at org.eclipse.core.internal.events.BuildManager.basicBuild(BuildManager.java:355)
	at org.eclipse.core.internal.events.BuildManager$1.run(BuildManager.java:449)
	at org.eclipse.core.runtime.SafeRunner.run(SafeRunner.java:47)
	at org.eclipse.core.internal.events.BuildManager.basicBuild(BuildManager.java:452)
	at org.eclipse.core.internal.events.BuildManager.basicBuildLoop(BuildManager.java:564)
	at org.eclipse.core.internal.events.BuildManager.basicBuildLoop(BuildManager.java:512)
	at org.eclipse.core.internal.events.BuildManager.build(BuildManager.java:594)
	at org.eclipse.core.internal.events.AutoBuildJob.doBuild(AutoBuildJob.java:208)
	at org.eclipse.core.internal.events.AutoBuildJob.run(AutoBuildJob.java:309)
	at org.eclipse.core.internal.jobs.Worker.run(Worker.java:63)
Caused by: java.lang.RuntimeException: Component was disposed here [Worker-57: Updating workspace]
	at org.eclipse.pde.api.tools.internal.model.BundleComponent.dispose(BundleComponent.java:199)
	at org.eclipse.pde.api.tools.internal.model.ProjectComponent.dispose(ProjectComponent.java:177)
	at org.eclipse.pde.api.tools.internal.model.ApiBaseline.doDispose(ApiBaseline.java:835)
	at org.eclipse.pde.api.tools.internal.model.WorkspaceBaseline.dispose(WorkspaceBaseline.java:55)
	at org.eclipse.pde.api.tools.internal.ApiBaselineManager.lambda$2(ApiBaselineManager.java:637)
	at org.eclipse.pde.api.tools.internal.ApiBaselineManager.disposeWorkspaceBaseline(ApiBaselineManager.java:660)
	at org.eclipse.pde.api.tools.internal.WorkspaceDeltaProcessor.processJavaElementDeltas(WorkspaceDeltaProcessor.java:108)
	at org.eclipse.pde.api.tools.internal.WorkspaceDeltaProcessor.elementChanged(WorkspaceDeltaProcessor.java:52)
	at org.eclipse.jdt.internal.core.DeltaProcessor$3.run(DeltaProcessor.java:1751)
	at org.eclipse.core.runtime.SafeRunner.run(SafeRunner.java:47)
	at org.eclipse.jdt.internal.core.DeltaProcessor.notifyListeners(DeltaProcessor.java:1739)
	at org.eclipse.jdt.internal.core.DeltaProcessor.firePostChangeDelta(DeltaProcessor.java:1572)
	at org.eclipse.jdt.internal.core.DeltaProcessor.fire(DeltaProcessor.java:1548)
	at org.eclipse.jdt.internal.core.DeltaProcessor.notifyAndFire(DeltaProcessor.java:2261)
	at org.eclipse.jdt.internal.core.DeltaProcessor.resourceChanged(DeltaProcessor.java:2153)
	at org.eclipse.jdt.internal.core.DeltaProcessingState.resourceChanged(DeltaProcessingState.java:490)
	at org.eclipse.core.internal.events.NotificationManager$1.run(NotificationManager.java:342)
	at org.eclipse.core.runtime.SafeRunner.run(SafeRunner.java:47)
	at org.eclipse.core.internal.events.NotificationManager.notify(NotificationManager.java:331)
	at org.eclipse.core.internal.events.NotificationManager.broadcastChanges(NotificationManager.java:185)
	at org.eclipse.core.internal.resources.Workspace.broadcastPostChange(Workspace.java:473)
	at org.eclipse.core.internal.resources.Workspace.endOperation(Workspace.java:1619)
	at org.eclipse.core.internal.resources.Workspace.run(Workspace.java:2522)
	at org.eclipse.core.internal.events.NotificationManager$NotifyJob.run(NotificationManager.java:68)
	... 1 more
!SUBENTRY 1 org.eclipse.pde.api.tools 4 123 2026-02-19 14:36:28.518
!MESSAGE Component 'Git Team Provider UI Test Fragment' in the baseline 'workspace' is disposed [Worker-56: Building]
!STACK 0
java.lang.RuntimeException: Component was disposed here [Worker-57: Updating workspace]
	at org.eclipse.pde.api.tools.internal.model.BundleComponent.dispose(BundleComponent.java:199)
	at org.eclipse.pde.api.tools.internal.model.ProjectComponent.dispose(ProjectComponent.java:177)
	at org.eclipse.pde.api.tools.internal.model.ApiBaseline.doDispose(ApiBaseline.java:835)
	at org.eclipse.pde.api.tools.internal.model.WorkspaceBaseline.dispose(WorkspaceBaseline.java:55)
	at org.eclipse.pde.api.tools.internal.ApiBaselineManager.lambda$2(ApiBaselineManager.java:637)
	at org.eclipse.pde.api.tools.internal.ApiBaselineManager.disposeWorkspaceBaseline(ApiBaselineManager.java:660)
	at org.eclipse.pde.api.tools.internal.WorkspaceDeltaProcessor.processJavaElementDeltas(WorkspaceDeltaProcessor.java:108)
	at org.eclipse.pde.api.tools.internal.WorkspaceDeltaProcessor.elementChanged(WorkspaceDeltaProcessor.java:52)
	at org.eclipse.jdt.internal.core.DeltaProcessor$3.run(DeltaProcessor.java:1751)
	at org.eclipse.core.runtime.SafeRunner.run(SafeRunner.java:47)
	at org.eclipse.jdt.internal.core.DeltaProcessor.notifyListeners(DeltaProcessor.java:1739)
	at org.eclipse.jdt.internal.core.DeltaProcessor.firePostChangeDelta(DeltaProcessor.java:1572)
	at org.eclipse.jdt.internal.core.DeltaProcessor.fire(DeltaProcessor.java:1548)
	at org.eclipse.jdt.internal.core.DeltaProcessor.notifyAndFire(DeltaProcessor.java:2261)
	at org.eclipse.jdt.internal.core.DeltaProcessor.resourceChanged(DeltaProcessor.java:2153)
	at org.eclipse.jdt.internal.core.DeltaProcessingState.resourceChanged(DeltaProcessingState.java:490)
	at org.eclipse.core.internal.events.NotificationManager$1.run(NotificationManager.java:342)
	at org.eclipse.core.runtime.SafeRunner.run(SafeRunner.java:47)
	at org.eclipse.core.internal.events.NotificationManager.notify(NotificationManager.java:331)
	at org.eclipse.core.internal.events.NotificationManager.broadcastChanges(NotificationManager.java:185)
	at org.eclipse.core.internal.resources.Workspace.broadcastPostChange(Workspace.java:473)
	at org.eclipse.core.internal.resources.Workspace.endOperation(Workspace.java:1619)
	at org.eclipse.core.internal.resources.Workspace.run(Workspace.java:2522)
	at org.eclipse.core.internal.events.NotificationManager$NotifyJob.run(NotificationManager.java:68)
	at org.eclipse.core.internal.jobs.Worker.run(Worker.java:63)

!ENTRY org.eclipse.pde.api.tools 4 0 2026-02-19 14:36:28.519
!MESSAGE Error logged from API Tools Core: 
!STACK 1
org.eclipse.core.runtime.CoreException: Component 'Git Team Provider UI Test Fragment' in the baseline 'workspace' is disposed [Worker-56: Building]
	at org.eclipse.pde.api.tools.internal.model.BundleComponent.baselineDisposed(BundleComponent.java:1157)
	at org.eclipse.pde.api.tools.internal.model.BundleComponent.getBundleDescription(BundleComponent.java:912)
	at org.eclipse.pde.api.tools.internal.model.BundleComponent.createApiDescription(BundleComponent.java:401)
	at org.eclipse.pde.api.tools.internal.model.Component.getApiDescription(Component.java:106)
	at org.eclipse.pde.api.tools.internal.builder.MethodLeakDetector.matchesSourceApiRestrictions(MethodLeakDetector.java:159)
	at org.eclipse.pde.api.tools.internal.builder.MethodLeakDetector.considerReference(MethodLeakDetector.java:141)
	at org.eclipse.pde.api.tools.internal.builder.ReferenceAnalyzer$Visitor.visit(ReferenceAnalyzer.java:112)
	at org.eclipse.pde.api.tools.internal.model.ProjectTypeContainer.doVisit(ProjectTypeContainer.java:116)
	at org.eclipse.pde.api.tools.internal.model.ProjectTypeContainer.doVisit(ProjectTypeContainer.java:135)
	at org.eclipse.pde.api.tools.internal.model.ProjectTypeContainer.doVisit(ProjectTypeContainer.java:135)
	at org.eclipse.pde.api.tools.internal.model.ProjectTypeContainer.doVisit(ProjectTypeContainer.java:135)
	at org.eclipse.pde.api.tools.internal.model.ProjectTypeContainer.doVisit(ProjectTypeContainer.java:135)
	at org.eclipse.pde.api.tools.internal.model.ProjectTypeContainer.doVisit(ProjectTypeContainer.java:135)
	at org.eclipse.pde.api.tools.internal.model.ProjectTypeContainer.doVisit(ProjectTypeContainer.java:135)
	at org.eclipse.pde.api.tools.internal.model.ProjectTypeContainer.accept(ProjectTypeContainer.java:76)
	at org.eclipse.pde.api.tools.internal.model.AbstractApiTypeContainer.accept(AbstractApiTypeContainer.java:60)
	at org.eclipse.pde.api.tools.internal.model.Component.accept(Component.java:66)
	at org.eclipse.pde.api.tools.internal.builder.ReferenceAnalyzer.extractReferences(ReferenceAnalyzer.java:210)
	at org.eclipse.pde.api.tools.internal.builder.ReferenceAnalyzer.analyze(ReferenceAnalyzer.java:243)
	at org.eclipse.pde.api.tools.internal.builder.BaseApiAnalyzer.checkApiUsage(BaseApiAnalyzer.java:1253)
	at org.eclipse.pde.api.tools.internal.builder.BaseApiAnalyzer.analyzeComponent(BaseApiAnalyzer.java:293)
	at org.eclipse.pde.api.tools.internal.builder.ApiAnalysisBuilder.buildAll(ApiAnalysisBuilder.java:905)
	at org.eclipse.pde.api.tools.internal.builder.ApiAnalysisBuilder.work(ApiAnalysisBuilder.java:399)
	at org.eclipse.pde.api.tools.internal.builder.ApiAnalysisBuilder.build(ApiAnalysisBuilder.java:383)
	at org.eclipse.core.internal.events.BuildManager$2.run(BuildManager.java:1109)
	at org.eclipse.core.runtime.SafeRunner.run(SafeRunner.java:47)
	at org.eclipse.core.internal.events.BuildManager.basicBuild(BuildManager.java:299)
	at org.eclipse.core.internal.events.BuildManager.basicBuild(BuildManager.java:355)
	at org.eclipse.core.internal.events.BuildManager$1.run(BuildManager.java:449)
	at org.eclipse.core.runtime.SafeRunner.run(SafeRunner.java:47)
	at org.eclipse.core.internal.events.BuildManager.basicBuild(BuildManager.java:452)
	at org.eclipse.core.internal.events.BuildManager.basicBuildLoop(BuildManager.java:564)
	at org.eclipse.core.internal.events.BuildManager.basicBuildLoop(BuildManager.java:512)
	at org.eclipse.core.internal.events.BuildManager.build(BuildManager.java:594)
	at org.eclipse.core.internal.events.AutoBuildJob.doBuild(AutoBuildJob.java:208)
	at org.eclipse.core.internal.events.AutoBuildJob.run(AutoBuildJob.java:309)
	at org.eclipse.core.internal.jobs.Worker.run(Worker.java:63)
Caused by: java.lang.RuntimeException: Component was disposed here [Worker-57: Updating workspace]
	at org.eclipse.pde.api.tools.internal.model.BundleComponent.dispose(BundleComponent.java:199)
	at org.eclipse.pde.api.tools.internal.model.ProjectComponent.dispose(ProjectComponent.java:177)
	at org.eclipse.pde.api.tools.internal.model.ApiBaseline.doDispose(ApiBaseline.java:835)
	at org.eclipse.pde.api.tools.internal.model.WorkspaceBaseline.dispose(WorkspaceBaseline.java:55)
	at org.eclipse.pde.api.tools.internal.ApiBaselineManager.lambda$2(ApiBaselineManager.java:637)
	at org.eclipse.pde.api.tools.internal.ApiBaselineManager.disposeWorkspaceBaseline(ApiBaselineManager.java:660)
	at org.eclipse.pde.api.tools.internal.WorkspaceDeltaProcessor.processJavaElementDeltas(WorkspaceDeltaProcessor.java:108)
	at org.eclipse.pde.api.tools.internal.WorkspaceDeltaProcessor.elementChanged(WorkspaceDeltaProcessor.java:52)
	at org.eclipse.jdt.internal.core.DeltaProcessor$3.run(DeltaProcessor.java:1751)
	at org.eclipse.core.runtime.SafeRunner.run(SafeRunner.java:47)
	at org.eclipse.jdt.internal.core.DeltaProcessor.notifyListeners(DeltaProcessor.java:1739)
	at org.eclipse.jdt.internal.core.DeltaProcessor.firePostChangeDelta(DeltaProcessor.java:1572)
	at org.eclipse.jdt.internal.core.DeltaProcessor.fire(DeltaProcessor.java:1548)
	at org.eclipse.jdt.internal.core.DeltaProcessor.notifyAndFire(DeltaProcessor.java:2261)
	at org.eclipse.jdt.internal.core.DeltaProcessor.resourceChanged(DeltaProcessor.java:2153)
	at org.eclipse.jdt.internal.core.DeltaProcessingState.resourceChanged(DeltaProcessingState.java:490)
	at org.eclipse.core.internal.events.NotificationManager$1.run(NotificationManager.java:342)
	at org.eclipse.core.runtime.SafeRunner.run(SafeRunner.java:47)
	at org.eclipse.core.internal.events.NotificationManager.notify(NotificationManager.java:331)
	at org.eclipse.core.internal.events.NotificationManager.broadcastChanges(NotificationManager.java:185)
	at org.eclipse.core.internal.resources.Workspace.broadcastPostChange(Workspace.java:473)
	at org.eclipse.core.internal.resources.Workspace.endOperation(Workspace.java:1619)
	at org.eclipse.core.internal.resources.Workspace.run(Workspace.java:2522)
	at org.eclipse.core.internal.events.NotificationManager$NotifyJob.run(NotificationManager.java:68)
	... 1 more
!SUBENTRY 1 org.eclipse.pde.api.tools 4 123 2026-02-19 14:36:28.519
!MESSAGE Component 'Git Team Provider UI Test Fragment' in the baseline 'workspace' is disposed [Worker-56: Building]
!STACK 0
java.lang.RuntimeException: Component was disposed here [Worker-57: Updating workspace]
	at org.eclipse.pde.api.tools.internal.model.BundleComponent.dispose(BundleComponent.java:199)
	at org.eclipse.pde.api.tools.internal.model.ProjectComponent.dispose(ProjectComponent.java:177)
	at org.eclipse.pde.api.tools.internal.model.ApiBaseline.doDispose(ApiBaseline.java:835)
	at org.eclipse.pde.api.tools.internal.model.WorkspaceBaseline.dispose(WorkspaceBaseline.java:55)
	at org.eclipse.pde.api.tools.internal.ApiBaselineManager.lambda$2(ApiBaselineManager.java:637)
	at org.eclipse.pde.api.tools.internal.ApiBaselineManager.disposeWorkspaceBaseline(ApiBaselineManager.java:660)
	at org.eclipse.pde.api.tools.internal.WorkspaceDeltaProcessor.processJavaElementDeltas(WorkspaceDeltaProcessor.java:108)
	at org.eclipse.pde.api.tools.internal.WorkspaceDeltaProcessor.elementChanged(WorkspaceDeltaProcessor.java:52)
	at org.eclipse.jdt.internal.core.DeltaProcessor$3.run(DeltaProcessor.java:1751)
	at org.eclipse.core.runtime.SafeRunner.run(SafeRunner.java:47)
	at org.eclipse.jdt.internal.core.DeltaProcessor.notifyListeners(DeltaProcessor.java:1739)
	at org.eclipse.jdt.internal.core.DeltaProcessor.firePostChangeDelta(DeltaProcessor.java:1572)
	at org.eclipse.jdt.internal.core.DeltaProcessor.fire(DeltaProcessor.java:1548)
	at org.eclipse.jdt.internal.core.DeltaProcessor.notifyAndFire(DeltaProcessor.java:2261)
	at org.eclipse.jdt.internal.core.DeltaProcessor.resourceChanged(DeltaProcessor.java:2153)
	at org.eclipse.jdt.internal.core.DeltaProcessingState.resourceChanged(DeltaProcessingState.java:490)
	at org.eclipse.core.internal.events.NotificationManager$1.run(NotificationManager.java:342)
	at org.eclipse.core.runtime.SafeRunner.run(SafeRunner.java:47)
	at org.eclipse.core.internal.events.NotificationManager.notify(NotificationManager.java:331)
	at org.eclipse.core.internal.events.NotificationManager.broadcastChanges(NotificationManager.java:185)
	at org.eclipse.core.internal.resources.Workspace.broadcastPostChange(Workspace.java:473)
	at org.eclipse.core.internal.resources.Workspace.endOperation(Workspace.java:1619)
	at org.eclipse.core.internal.resources.Workspace.run(Workspace.java:2522)
	at org.eclipse.core.internal.events.NotificationManager$NotifyJob.run(NotificationManager.java:68)
	at org.eclipse.core.internal.jobs.Worker.run(Worker.java:63)

!ENTRY org.eclipse.pde.api.tools 4 0 2026-02-19 14:36:28.519
!MESSAGE Error logged from API Tools Core: 
!STACK 1
org.eclipse.core.runtime.CoreException: Component 'Git Team Provider UI Test Fragment' in the baseline 'workspace' is disposed [Worker-56: Building]
	at org.eclipse.pde.api.tools.internal.model.BundleComponent.baselineDisposed(BundleComponent.java:1157)
	at org.eclipse.pde.api.tools.internal.model.BundleComponent.getBundleDescription(BundleComponent.java:912)
	at org.eclipse.pde.api.tools.internal.model.BundleComponent.createApiDescription(BundleComponent.java:401)
	at org.eclipse.pde.api.tools.internal.model.Component.getApiDescription(Component.java:106)
	at org.eclipse.pde.api.tools.internal.builder.MethodLeakDetector.matchesSourceApiRestrictions(MethodLeakDetector.java:159)
	at org.eclipse.pde.api.tools.internal.builder.MethodLeakDetector.considerReference(MethodLeakDetector.java:141)
	at org.eclipse.pde.api.tools.internal.builder.ReferenceAnalyzer$Visitor.visit(ReferenceAnalyzer.java:112)
	at org.eclipse.pde.api.tools.internal.model.ProjectTypeContainer.doVisit(ProjectTypeContainer.java:116)
	at org.eclipse.pde.api.tools.internal.model.ProjectTypeContainer.doVisit(ProjectTypeContainer.java:135)
	at org.eclipse.pde.api.tools.internal.model.ProjectTypeContainer.doVisit(ProjectTypeContainer.java:135)
	at org.eclipse.pde.api.tools.internal.model.ProjectTypeContainer.doVisit(ProjectTypeContainer.java:135)
	at org.eclipse.pde.api.tools.internal.model.ProjectTypeContainer.doVisit(ProjectTypeContainer.java:135)
	at org.eclipse.pde.api.tools.internal.model.ProjectTypeContainer.doVisit(ProjectTypeContainer.java:135)
	at org.eclipse.pde.api.tools.internal.model.ProjectTypeContainer.doVisit(ProjectTypeContainer.java:135)
	at org.eclipse.pde.api.tools.internal.model.ProjectTypeContainer.accept(ProjectTypeContainer.java:76)
	at org.eclipse.pde.api.tools.internal.model.AbstractApiTypeContainer.accept(AbstractApiTypeContainer.java:60)
	at org.eclipse.pde.api.tools.internal.model.Component.accept(Component.java:66)
	at org.eclipse.pde.api.tools.internal.builder.ReferenceAnalyzer.extractReferences(ReferenceAnalyzer.java:210)
	at org.eclipse.pde.api.tools.internal.builder.ReferenceAnalyzer.analyze(ReferenceAnalyzer.java:243)
	at org.eclipse.pde.api.tools.internal.builder.BaseApiAnalyzer.checkApiUsage(BaseApiAnalyzer.java:1253)
	at org.eclipse.pde.api.tools.internal.builder.BaseApiAnalyzer.analyzeComponent(BaseApiAnalyzer.java:293)
	at org.eclipse.pde.api.tools.internal.builder.ApiAnalysisBuilder.buildAll(ApiAnalysisBuilder.java:905)
	at org.eclipse.pde.api.tools.internal.builder.ApiAnalysisBuilder.work(ApiAnalysisBuilder.java:399)
	at org.eclipse.pde.api.tools.internal.builder.ApiAnalysisBuilder.build(ApiAnalysisBuilder.java:383)
	at org.eclipse.core.internal.events.BuildManager$2.run(BuildManager.java:1109)
	at org.eclipse.core.runtime.SafeRunner.run(SafeRunner.java:47)
	at org.eclipse.core.internal.events.BuildManager.basicBuild(BuildManager.java:299)
	at org.eclipse.core.internal.events.BuildManager.basicBuild(BuildManager.java:355)
	at org.eclipse.core.internal.events.BuildManager$1.run(BuildManager.java:449)
	at org.eclipse.core.runtime.SafeRunner.run(SafeRunner.java:47)
	at org.eclipse.core.internal.events.BuildManager.basicBuild(BuildManager.java:452)
	at org.eclipse.core.internal.events.BuildManager.basicBuildLoop(BuildManager.java:564)
	at org.eclipse.core.internal.events.BuildManager.basicBuildLoop(BuildManager.java:512)
	at org.eclipse.core.internal.events.BuildManager.build(BuildManager.java:594)
	at org.eclipse.core.internal.events.AutoBuildJob.doBuild(AutoBuildJob.java:208)
	at org.eclipse.core.internal.events.AutoBuildJob.run(AutoBuildJob.java:309)
	at org.eclipse.core.internal.jobs.Worker.run(Worker.java:63)
Caused by: java.lang.RuntimeException: Component was disposed here [Worker-57: Updating workspace]
	at org.eclipse.pde.api.tools.internal.model.BundleComponent.dispose(BundleComponent.java:199)
	at org.eclipse.pde.api.tools.internal.model.ProjectComponent.dispose(ProjectComponent.java:177)
	at org.eclipse.pde.api.tools.internal.model.ApiBaseline.doDispose(ApiBaseline.java:835)
	at org.eclipse.pde.api.tools.internal.model.WorkspaceBaseline.dispose(WorkspaceBaseline.java:55)
	at org.eclipse.pde.api.tools.internal.ApiBaselineManager.lambda$2(ApiBaselineManager.java:637)
	at org.eclipse.pde.api.tools.internal.ApiBaselineManager.disposeWorkspaceBaseline(ApiBaselineManager.java:660)
	at org.eclipse.pde.api.tools.internal.WorkspaceDeltaProcessor.processJavaElementDeltas(WorkspaceDeltaProcessor.java:108)
	at org.eclipse.pde.api.tools.internal.WorkspaceDeltaProcessor.elementChanged(WorkspaceDeltaProcessor.java:52)
	at org.eclipse.jdt.internal.core.DeltaProcessor$3.run(DeltaProcessor.java:1751)
	at org.eclipse.core.runtime.SafeRunner.run(SafeRunner.java:47)
	at org.eclipse.jdt.internal.core.DeltaProcessor.notifyListeners(DeltaProcessor.java:1739)
	at org.eclipse.jdt.internal.core.DeltaProcessor.firePostChangeDelta(DeltaProcessor.java:1572)
	at org.eclipse.jdt.internal.core.DeltaProcessor.fire(DeltaProcessor.java:1548)
	at org.eclipse.jdt.internal.core.DeltaProcessor.notifyAndFire(DeltaProcessor.java:2261)
	at org.eclipse.jdt.internal.core.DeltaProcessor.resourceChanged(DeltaProcessor.java:2153)
	at org.eclipse.jdt.internal.core.DeltaProcessingState.resourceChanged(DeltaProcessingState.java:490)
	at org.eclipse.core.internal.events.NotificationManager$1.run(NotificationManager.java:342)
	at org.eclipse.core.runtime.SafeRunner.run(SafeRunner.java:47)
	at org.eclipse.core.internal.events.NotificationManager.notify(NotificationManager.java:331)
	at org.eclipse.core.internal.events.NotificationManager.broadcastChanges(NotificationManager.java:185)
	at org.eclipse.core.internal.resources.Workspace.broadcastPostChange(Workspace.java:473)
	at org.eclipse.core.internal.resources.Workspace.endOperation(Workspace.java:1619)
	at org.eclipse.core.internal.resources.Workspace.run(Workspace.java:2522)
	at org.eclipse.core.internal.events.NotificationManager$NotifyJob.run(NotificationManager.java:68)
	... 1 more
!SUBENTRY 1 org.eclipse.pde.api.tools 4 123 2026-02-19 14:36:28.519
!MESSAGE Component 'Git Team Provider UI Test Fragment' in the baseline 'workspace' is disposed [Worker-56: Building]
!STACK 0
java.lang.RuntimeException: Component was disposed here [Worker-57: Updating workspace]
	at org.eclipse.pde.api.tools.internal.model.BundleComponent.dispose(BundleComponent.java:199)
	at org.eclipse.pde.api.tools.internal.model.ProjectComponent.dispose(ProjectComponent.java:177)
	at org.eclipse.pde.api.tools.internal.model.ApiBaseline.doDispose(ApiBaseline.java:835)
	at org.eclipse.pde.api.tools.internal.model.WorkspaceBaseline.dispose(WorkspaceBaseline.java:55)
	at org.eclipse.pde.api.tools.internal.ApiBaselineManager.lambda$2(ApiBaselineManager.java:637)
	at org.eclipse.pde.api.tools.internal.ApiBaselineManager.disposeWorkspaceBaseline(ApiBaselineManager.java:660)
	at org.eclipse.pde.api.tools.internal.WorkspaceDeltaProcessor.processJavaElementDeltas(WorkspaceDeltaProcessor.java:108)
	at org.eclipse.pde.api.tools.internal.WorkspaceDeltaProcessor.elementChanged(WorkspaceDeltaProcessor.java:52)
	at org.eclipse.jdt.internal.core.DeltaProcessor$3.run(DeltaProcessor.java:1751)
	at org.eclipse.core.runtime.SafeRunner.run(SafeRunner.java:47)
	at org.eclipse.jdt.internal.core.DeltaProcessor.notifyListeners(DeltaProcessor.java:1739)
	at org.eclipse.jdt.internal.core.DeltaProcessor.firePostChangeDelta(DeltaProcessor.java:1572)
	at org.eclipse.jdt.internal.core.DeltaProcessor.fire(DeltaProcessor.java:1548)
	at org.eclipse.jdt.internal.core.DeltaProcessor.notifyAndFire(DeltaProcessor.java:2261)
	at org.eclipse.jdt.internal.core.DeltaProcessor.resourceChanged(DeltaProcessor.java:2153)
	at org.eclipse.jdt.internal.core.DeltaProcessingState.resourceChanged(DeltaProcessingState.java:490)
	at org.eclipse.core.internal.events.NotificationManager$1.run(NotificationManager.java:342)
	at org.eclipse.core.runtime.SafeRunner.run(SafeRunner.java:47)
	at org.eclipse.core.internal.events.NotificationManager.notify(NotificationManager.java:331)
	at org.eclipse.core.internal.events.NotificationManager.broadcastChanges(NotificationManager.java:185)
	at org.eclipse.core.internal.resources.Workspace.broadcastPostChange(Workspace.java:473)
	at org.eclipse.core.internal.resources.Workspace.endOperation(Workspace.java:1619)
	at org.eclipse.core.internal.resources.Workspace.run(Workspace.java:2522)
	at org.eclipse.core.internal.events.NotificationManager$NotifyJob.run(NotificationManager.java:68)
	at org.eclipse.core.internal.jobs.Worker.run(Worker.java:63)

!ENTRY org.eclipse.pde.api.tools 4 0 2026-02-19 14:36:28.519
!MESSAGE Error logged from API Tools Core: 
!STACK 1
org.eclipse.core.runtime.CoreException: Component 'Git Team Provider UI Test Fragment' in the baseline 'workspace' is disposed [Worker-56: Building]
	at org.eclipse.pde.api.tools.internal.model.BundleComponent.baselineDisposed(BundleComponent.java:1157)
	at org.eclipse.pde.api.tools.internal.model.BundleComponent.getBundleDescription(BundleComponent.java:912)
	at org.eclipse.pde.api.tools.internal.model.BundleComponent.createApiDescription(BundleComponent.java:401)
	at org.eclipse.pde.api.tools.internal.model.Component.getApiDescription(Component.java:106)
	at org.eclipse.pde.api.tools.internal.builder.MethodLeakDetector.matchesSourceApiRestrictions(MethodLeakDetector.java:159)
	at org.eclipse.pde.api.tools.internal.builder.MethodLeakDetector.considerReference(MethodLeakDetector.java:141)
	at org.eclipse.pde.api.tools.internal.builder.ReferenceAnalyzer$Visitor.visit(ReferenceAnalyzer.java:112)
	at org.eclipse.pde.api.tools.internal.model.ProjectTypeContainer.doVisit(ProjectTypeContainer.java:116)
	at org.eclipse.pde.api.tools.internal.model.ProjectTypeContainer.doVisit(ProjectTypeContainer.java:135)
	at org.eclipse.pde.api.tools.internal.model.ProjectTypeContainer.doVisit(ProjectTypeContainer.java:135)
	at org.eclipse.pde.api.tools.internal.model.ProjectTypeContainer.doVisit(ProjectTypeContainer.java:135)
	at org.eclipse.pde.api.tools.internal.model.ProjectTypeContainer.doVisit(ProjectTypeContainer.java:135)
	at org.eclipse.pde.api.tools.internal.model.ProjectTypeContainer.doVisit(ProjectTypeContainer.java:135)
	at org.eclipse.pde.api.tools.internal.model.ProjectTypeContainer.doVisit(ProjectTypeContainer.java:135)
	at org.eclipse.pde.api.tools.internal.model.ProjectTypeContainer.accept(ProjectTypeContainer.java:76)
	at org.eclipse.pde.api.tools.internal.model.AbstractApiTypeContainer.accept(AbstractApiTypeContainer.java:60)
	at org.eclipse.pde.api.tools.internal.model.Component.accept(Component.java:66)
	at org.eclipse.pde.api.tools.internal.builder.ReferenceAnalyzer.extractReferences(ReferenceAnalyzer.java:210)
	at org.eclipse.pde.api.tools.internal.builder.ReferenceAnalyzer.analyze(ReferenceAnalyzer.java:243)
	at org.eclipse.pde.api.tools.internal.builder.BaseApiAnalyzer.checkApiUsage(BaseApiAnalyzer.java:1253)
	at org.eclipse.pde.api.tools.internal.builder.BaseApiAnalyzer.analyzeComponent(BaseApiAnalyzer.java:293)
	at org.eclipse.pde.api.tools.internal.builder.ApiAnalysisBuilder.buildAll(ApiAnalysisBuilder.java:905)
	at org.eclipse.pde.api.tools.internal.builder.ApiAnalysisBuilder.work(ApiAnalysisBuilder.java:399)
	at org.eclipse.pde.api.tools.internal.builder.ApiAnalysisBuilder.build(ApiAnalysisBuilder.java:383)
	at org.eclipse.core.internal.events.BuildManager$2.run(BuildManager.java:1109)
	at org.eclipse.core.runtime.SafeRunner.run(SafeRunner.java:47)
	at org.eclipse.core.internal.events.BuildManager.basicBuild(BuildManager.java:299)
	at org.eclipse.core.internal.events.BuildManager.basicBuild(BuildManager.java:355)
	at org.eclipse.core.internal.events.BuildManager$1.run(BuildManager.java:449)
	at org.eclipse.core.runtime.SafeRunner.run(SafeRunner.java:47)
	at org.eclipse.core.internal.events.BuildManager.basicBuild(BuildManager.java:452)
	at org.eclipse.core.internal.events.BuildManager.basicBuildLoop(BuildManager.java:564)
	at org.eclipse.core.internal.events.BuildManager.basicBuildLoop(BuildManager.java:512)
	at org.eclipse.core.internal.events.BuildManager.build(BuildManager.java:594)
	at org.eclipse.core.internal.events.AutoBuildJob.doBuild(AutoBuildJob.java:208)
	at org.eclipse.core.internal.events.AutoBuildJob.run(AutoBuildJob.java:309)
	at org.eclipse.core.internal.jobs.Worker.run(Worker.java:63)
Caused by: java.lang.RuntimeException: Component was disposed here [Worker-57: Updating workspace]
	at org.eclipse.pde.api.tools.internal.model.BundleComponent.dispose(BundleComponent.java:199)
	at org.eclipse.pde.api.tools.internal.model.ProjectComponent.dispose(ProjectComponent.java:177)
	at org.eclipse.pde.api.tools.internal.model.ApiBaseline.doDispose(ApiBaseline.java:835)
	at org.eclipse.pde.api.tools.internal.model.WorkspaceBaseline.dispose(WorkspaceBaseline.java:55)
	at org.eclipse.pde.api.tools.internal.ApiBaselineManager.lambda$2(ApiBaselineManager.java:637)
	at org.eclipse.pde.api.tools.internal.ApiBaselineManager.disposeWorkspaceBaseline(ApiBaselineManager.java:660)
	at org.eclipse.pde.api.tools.internal.WorkspaceDeltaProcessor.processJavaElementDeltas(WorkspaceDeltaProcessor.java:108)
	at org.eclipse.pde.api.tools.internal.WorkspaceDeltaProcessor.elementChanged(WorkspaceDeltaProcessor.java:52)
	at org.eclipse.jdt.internal.core.DeltaProcessor$3.run(DeltaProcessor.java:1751)
	at org.eclipse.core.runtime.SafeRunner.run(SafeRunner.java:47)
	at org.eclipse.jdt.internal.core.DeltaProcessor.notifyListeners(DeltaProcessor.java:1739)
	at org.eclipse.jdt.internal.core.DeltaProcessor.firePostChangeDelta(DeltaProcessor.java:1572)
	at org.eclipse.jdt.internal.core.DeltaProcessor.fire(DeltaProcessor.java:1548)
	at org.eclipse.jdt.internal.core.DeltaProcessor.notifyAndFire(DeltaProcessor.java:2261)
	at org.eclipse.jdt.internal.core.DeltaProcessor.resourceChanged(DeltaProcessor.java:2153)
	at org.eclipse.jdt.internal.core.DeltaProcessingState.resourceChanged(DeltaProcessingState.java:490)
	at org.eclipse.core.internal.events.NotificationManager$1.run(NotificationManager.java:342)
	at org.eclipse.core.runtime.SafeRunner.run(SafeRunner.java:47)
	at org.eclipse.core.internal.events.NotificationManager.notify(NotificationManager.java:331)
	at org.eclipse.core.internal.events.NotificationManager.broadcastChanges(NotificationManager.java:185)
	at org.eclipse.core.internal.resources.Workspace.broadcastPostChange(Workspace.java:473)
	at org.eclipse.core.internal.resources.Workspace.endOperation(Workspace.java:1619)
	at org.eclipse.core.internal.resources.Workspace.run(Workspace.java:2522)
	at org.eclipse.core.internal.events.NotificationManager$NotifyJob.run(NotificationManager.java:68)
	... 1 more
!SUBENTRY 1 org.eclipse.pde.api.tools 4 123 2026-02-19 14:36:28.519
!MESSAGE Component 'Git Team Provider UI Test Fragment' in the baseline 'workspace' is disposed [Worker-56: Building]
!STACK 0
java.lang.RuntimeException: Component was disposed here [Worker-57: Updating workspace]
	at org.eclipse.pde.api.tools.internal.model.BundleComponent.dispose(BundleComponent.java:199)
	at org.eclipse.pde.api.tools.internal.model.ProjectComponent.dispose(ProjectComponent.java:177)
	at org.eclipse.pde.api.tools.internal.model.ApiBaseline.doDispose(ApiBaseline.java:835)
	at org.eclipse.pde.api.tools.internal.model.WorkspaceBaseline.dispose(WorkspaceBaseline.java:55)
	at org.eclipse.pde.api.tools.internal.ApiBaselineManager.lambda$2(ApiBaselineManager.java:637)
	at org.eclipse.pde.api.tools.internal.ApiBaselineManager.disposeWorkspaceBaseline(ApiBaselineManager.java:660)
	at org.eclipse.pde.api.tools.internal.WorkspaceDeltaProcessor.processJavaElementDeltas(WorkspaceDeltaProcessor.java:108)
	at org.eclipse.pde.api.tools.internal.WorkspaceDeltaProcessor.elementChanged(WorkspaceDeltaProcessor.java:52)
	at org.eclipse.jdt.internal.core.DeltaProcessor$3.run(DeltaProcessor.java:1751)
	at org.eclipse.core.runtime.SafeRunner.run(SafeRunner.java:47)
	at org.eclipse.jdt.internal.core.DeltaProcessor.notifyListeners(DeltaProcessor.java:1739)
	at org.eclipse.jdt.internal.core.DeltaProcessor.firePostChangeDelta(DeltaProcessor.java:1572)
	at org.eclipse.jdt.internal.core.DeltaProcessor.fire(DeltaProcessor.java:1548)
	at org.eclipse.jdt.internal.core.DeltaProcessor.notifyAndFire(DeltaProcessor.java:2261)
	at org.eclipse.jdt.internal.core.DeltaProcessor.resourceChanged(DeltaProcessor.java:2153)
	at org.eclipse.jdt.internal.core.DeltaProcessingState.resourceChanged(DeltaProcessingState.java:490)
	at org.eclipse.core.internal.events.NotificationManager$1.run(NotificationManager.java:342)
	at org.eclipse.core.runtime.SafeRunner.run(SafeRunner.java:47)
	at org.eclipse.core.internal.events.NotificationManager.notify(NotificationManager.java:331)
	at org.eclipse.core.internal.events.NotificationManager.broadcastChanges(NotificationManager.java:185)
	at org.eclipse.core.internal.resources.Workspace.broadcastPostChange(Workspace.java:473)
	at org.eclipse.core.internal.resources.Workspace.endOperation(Workspace.java:1619)
	at org.eclipse.core.internal.resources.Workspace.run(Workspace.java:2522)
	at org.eclipse.core.internal.events.NotificationManager$NotifyJob.run(NotificationManager.java:68)
	at org.eclipse.core.internal.jobs.Worker.run(Worker.java:63)

!ENTRY org.eclipse.pde.api.tools 4 0 2026-02-19 14:36:28.519
!MESSAGE Error logged from API Tools Core: 
!STACK 1
org.eclipse.core.runtime.CoreException: Component 'Git Team Provider UI Test Fragment' in the baseline 'workspace' is disposed [Worker-56: Building]
	at org.eclipse.pde.api.tools.internal.model.BundleComponent.baselineDisposed(BundleComponent.java:1157)
	at org.eclipse.pde.api.tools.internal.model.BundleComponent.getBundleDescription(BundleComponent.java:912)
	at org.eclipse.pde.api.tools.internal.model.BundleComponent.createApiDescription(BundleComponent.java:401)
	at org.eclipse.pde.api.tools.internal.model.Component.getApiDescription(Component.java:106)
	at org.eclipse.pde.api.tools.internal.builder.MethodLeakDetector.matchesSourceApiRestrictions(MethodLeakDetector.java:159)
	at org.eclipse.pde.api.tools.internal.builder.MethodLeakDetector.considerReference(MethodLeakDetector.java:141)
	at org.eclipse.pde.api.tools.internal.builder.ReferenceAnalyzer$Visitor.visit(ReferenceAnalyzer.java:112)
	at org.eclipse.pde.api.tools.internal.model.ProjectTypeContainer.doVisit(ProjectTypeContainer.java:116)
	at org.eclipse.pde.api.tools.internal.model.ProjectTypeContainer.doVisit(ProjectTypeContainer.java:135)
	at org.eclipse.pde.api.tools.internal.model.ProjectTypeContainer.doVisit(ProjectTypeContainer.java:135)
	at org.eclipse.pde.api.tools.internal.model.ProjectTypeContainer.doVisit(ProjectTypeContainer.java:135)
	at org.eclipse.pde.api.tools.internal.model.ProjectTypeContainer.doVisit(ProjectTypeContainer.java:135)
	at org.eclipse.pde.api.tools.internal.model.ProjectTypeContainer.doVisit(ProjectTypeContainer.java:135)
	at org.eclipse.pde.api.tools.internal.model.ProjectTypeContainer.doVisit(ProjectTypeContainer.java:135)
	at org.eclipse.pde.api.tools.internal.model.ProjectTypeContainer.accept(ProjectTypeContainer.java:76)
	at org.eclipse.pde.api.tools.internal.model.AbstractApiTypeContainer.accept(AbstractApiTypeContainer.java:60)
	at org.eclipse.pde.api.tools.internal.model.Component.accept(Component.java:66)
	at org.eclipse.pde.api.tools.internal.builder.ReferenceAnalyzer.extractReferences(ReferenceAnalyzer.java:210)
	at org.eclipse.pde.api.tools.internal.builder.ReferenceAnalyzer.analyze(ReferenceAnalyzer.java:243)
	at org.eclipse.pde.api.tools.internal.builder.BaseApiAnalyzer.checkApiUsage(BaseApiAnalyzer.java:1253)
	at org.eclipse.pde.api.tools.internal.builder.BaseApiAnalyzer.analyzeComponent(BaseApiAnalyzer.java:293)
	at org.eclipse.pde.api.tools.internal.builder.ApiAnalysisBuilder.buildAll(ApiAnalysisBuilder.java:905)
	at org.eclipse.pde.api.tools.internal.builder.ApiAnalysisBuilder.work(ApiAnalysisBuilder.java:399)
	at org.eclipse.pde.api.tools.internal.builder.ApiAnalysisBuilder.build(ApiAnalysisBuilder.java:383)
	at org.eclipse.core.internal.events.BuildManager$2.run(BuildManager.java:1109)
	at org.eclipse.core.runtime.SafeRunner.run(SafeRunner.java:47)
	at org.eclipse.core.internal.events.BuildManager.basicBuild(BuildManager.java:299)
	at org.eclipse.core.internal.events.BuildManager.basicBuild(BuildManager.java:355)
	at org.eclipse.core.internal.events.BuildManager$1.run(BuildManager.java:449)
	at org.eclipse.core.runtime.SafeRunner.run(SafeRunner.java:47)
	at org.eclipse.core.internal.events.BuildManager.basicBuild(BuildManager.java:452)
	at org.eclipse.core.internal.events.BuildManager.basicBuildLoop(BuildManager.java:564)
	at org.eclipse.core.internal.events.BuildManager.basicBuildLoop(BuildManager.java:512)
	at org.eclipse.core.internal.events.BuildManager.build(BuildManager.java:594)
	at org.eclipse.core.internal.events.AutoBuildJob.doBuild(AutoBuildJob.java:208)
	at org.eclipse.core.internal.events.AutoBuildJob.run(AutoBuildJob.java:309)
	at org.eclipse.core.internal.jobs.Worker.run(Worker.java:63)
Caused by: java.lang.RuntimeException: Component was disposed here [Worker-57: Updating workspace]
	at org.eclipse.pde.api.tools.internal.model.BundleComponent.dispose(BundleComponent.java:199)
	at org.eclipse.pde.api.tools.internal.model.ProjectComponent.dispose(ProjectComponent.java:177)
	at org.eclipse.pde.api.tools.internal.model.ApiBaseline.doDispose(ApiBaseline.java:835)
	at org.eclipse.pde.api.tools.internal.model.WorkspaceBaseline.dispose(WorkspaceBaseline.java:55)
	at org.eclipse.pde.api.tools.internal.ApiBaselineManager.lambda$2(ApiBaselineManager.java:637)
	at org.eclipse.pde.api.tools.internal.ApiBaselineManager.disposeWorkspaceBaseline(ApiBaselineManager.java:660)
	at org.eclipse.pde.api.tools.internal.WorkspaceDeltaProcessor.processJavaElementDeltas(WorkspaceDeltaProcessor.java:108)
	at org.eclipse.pde.api.tools.internal.WorkspaceDeltaProcessor.elementChanged(WorkspaceDeltaProcessor.java:52)
	at org.eclipse.jdt.internal.core.DeltaProcessor$3.run(DeltaProcessor.java:1751)
	at org.eclipse.core.runtime.SafeRunner.run(SafeRunner.java:47)
	at org.eclipse.jdt.internal.core.DeltaProcessor.notifyListeners(DeltaProcessor.java:1739)
	at org.eclipse.jdt.internal.core.DeltaProcessor.firePostChangeDelta(DeltaProcessor.java:1572)
	at org.eclipse.jdt.internal.core.DeltaProcessor.fire(DeltaProcessor.java:1548)
	at org.eclipse.jdt.internal.core.DeltaProcessor.notifyAndFire(DeltaProcessor.java:2261)
	at org.eclipse.jdt.internal.core.DeltaProcessor.resourceChanged(DeltaProcessor.java:2153)
	at org.eclipse.jdt.internal.core.DeltaProcessingState.resourceChanged(DeltaProcessingState.java:490)
	at org.eclipse.core.internal.events.NotificationManager$1.run(NotificationManager.java:342)
	at org.eclipse.core.runtime.SafeRunner.run(SafeRunner.java:47)
	at org.eclipse.core.internal.events.NotificationManager.notify(NotificationManager.java:331)
	at org.eclipse.core.internal.events.NotificationManager.broadcastChanges(NotificationManager.java:185)
	at org.eclipse.core.internal.resources.Workspace.broadcastPostChange(Workspace.java:473)
	at org.eclipse.core.internal.resources.Workspace.endOperation(Workspace.java:1619)
	at org.eclipse.core.internal.resources.Workspace.run(Workspace.java:2522)
	at org.eclipse.core.internal.events.NotificationManager$NotifyJob.run(NotificationManager.java:68)
	... 1 more
!SUBENTRY 1 org.eclipse.pde.api.tools 4 123 2026-02-19 14:36:28.519
!MESSAGE Component 'Git Team Provider UI Test Fragment' in the baseline 'workspace' is disposed [Worker-56: Building]
!STACK 0
java.lang.RuntimeException: Component was disposed here [Worker-57: Updating workspace]
	at org.eclipse.pde.api.tools.internal.model.BundleComponent.dispose(BundleComponent.java:199)
	at org.eclipse.pde.api.tools.internal.model.ProjectComponent.dispose(ProjectComponent.java:177)
	at org.eclipse.pde.api.tools.internal.model.ApiBaseline.doDispose(ApiBaseline.java:835)
	at org.eclipse.pde.api.tools.internal.model.WorkspaceBaseline.dispose(WorkspaceBaseline.java:55)
	at org.eclipse.pde.api.tools.internal.ApiBaselineManager.lambda$2(ApiBaselineManager.java:637)
	at org.eclipse.pde.api.tools.internal.ApiBaselineManager.disposeWorkspaceBaseline(ApiBaselineManager.java:660)
	at org.eclipse.pde.api.tools.internal.WorkspaceDeltaProcessor.processJavaElementDeltas(WorkspaceDeltaProcessor.java:108)
	at org.eclipse.pde.api.tools.internal.WorkspaceDeltaProcessor.elementChanged(WorkspaceDeltaProcessor.java:52)
	at org.eclipse.jdt.internal.core.DeltaProcessor$3.run(DeltaProcessor.java:1751)
	at org.eclipse.core.runtime.SafeRunner.run(SafeRunner.java:47)
	at org.eclipse.jdt.internal.core.DeltaProcessor.notifyListeners(DeltaProcessor.java:1739)
	at org.eclipse.jdt.internal.core.DeltaProcessor.firePostChangeDelta(DeltaProcessor.java:1572)
	at org.eclipse.jdt.internal.core.DeltaProcessor.fire(DeltaProcessor.java:1548)
	at org.eclipse.jdt.internal.core.DeltaProcessor.notifyAndFire(DeltaProcessor.java:2261)
	at org.eclipse.jdt.internal.core.DeltaProcessor.resourceChanged(DeltaProcessor.java:2153)
	at org.eclipse.jdt.internal.core.DeltaProcessingState.resourceChanged(DeltaProcessingState.java:490)
	at org.eclipse.core.internal.events.NotificationManager$1.run(NotificationManager.java:342)
	at org.eclipse.core.runtime.SafeRunner.run(SafeRunner.java:47)
	at org.eclipse.core.internal.events.NotificationManager.notify(NotificationManager.java:331)
	at org.eclipse.core.internal.events.NotificationManager.broadcastChanges(NotificationManager.java:185)
	at org.eclipse.core.internal.resources.Workspace.broadcastPostChange(Workspace.java:473)
	at org.eclipse.core.internal.resources.Workspace.endOperation(Workspace.java:1619)
	at org.eclipse.core.internal.resources.Workspace.run(Workspace.java:2522)
	at org.eclipse.core.internal.events.NotificationManager$NotifyJob.run(NotificationManager.java:68)
	at org.eclipse.core.internal.jobs.Worker.run(Worker.java:63)

!ENTRY org.eclipse.pde.api.tools 4 0 2026-02-19 14:36:28.520
!MESSAGE Error logged from API Tools Core: 
!STACK 1
org.eclipse.core.runtime.CoreException: Component 'Git Team Provider UI Test Fragment' in the baseline 'workspace' is disposed [Worker-56: Building]
	at org.eclipse.pde.api.tools.internal.model.BundleComponent.baselineDisposed(BundleComponent.java:1157)
	at org.eclipse.pde.api.tools.internal.model.BundleComponent.getBundleDescription(BundleComponent.java:912)
	at org.eclipse.pde.api.tools.internal.model.BundleComponent.createApiDescription(BundleComponent.java:401)
	at org.eclipse.pde.api.tools.internal.model.Component.getApiDescription(Component.java:106)
	at org.eclipse.pde.api.tools.internal.builder.MethodLeakDetector.matchesSourceApiRestrictions(MethodLeakDetector.java:159)
	at org.eclipse.pde.api.tools.internal.builder.MethodLeakDetector.considerReference(MethodLeakDetector.java:141)
	at org.eclipse.pde.api.tools.internal.builder.ReferenceAnalyzer$Visitor.visit(ReferenceAnalyzer.java:112)
	at org.eclipse.pde.api.tools.internal.model.ProjectTypeContainer.doVisit(ProjectTypeContainer.java:116)
	at org.eclipse.pde.api.tools.internal.model.ProjectTypeContainer.doVisit(ProjectTypeContainer.java:135)
	at org.eclipse.pde.api.tools.internal.model.ProjectTypeContainer.doVisit(ProjectTypeContainer.java:135)
	at org.eclipse.pde.api.tools.internal.model.ProjectTypeContainer.doVisit(ProjectTypeContainer.java:135)
	at org.eclipse.pde.api.tools.internal.model.ProjectTypeContainer.doVisit(ProjectTypeContainer.java:135)
	at org.eclipse.pde.api.tools.internal.model.ProjectTypeContainer.doVisit(ProjectTypeContainer.java:135)
	at org.eclipse.pde.api.tools.internal.model.ProjectTypeContainer.doVisit(ProjectTypeContainer.java:135)
	at org.eclipse.pde.api.tools.internal.model.ProjectTypeContainer.accept(ProjectTypeContainer.java:76)
	at org.eclipse.pde.api.tools.internal.model.AbstractApiTypeContainer.accept(AbstractApiTypeContainer.java:60)
	at org.eclipse.pde.api.tools.internal.model.Component.accept(Component.java:66)
	at org.eclipse.pde.api.tools.internal.builder.ReferenceAnalyzer.extractReferences(ReferenceAnalyzer.java:210)
	at org.eclipse.pde.api.tools.internal.builder.ReferenceAnalyzer.analyze(ReferenceAnalyzer.java:243)
	at org.eclipse.pde.api.tools.internal.builder.BaseApiAnalyzer.checkApiUsage(BaseApiAnalyzer.java:1253)
	at org.eclipse.pde.api.tools.internal.builder.BaseApiAnalyzer.analyzeComponent(BaseApiAnalyzer.java:293)
	at org.eclipse.pde.api.tools.internal.builder.ApiAnalysisBuilder.buildAll(ApiAnalysisBuilder.java:905)
	at org.eclipse.pde.api.tools.internal.builder.ApiAnalysisBuilder.work(ApiAnalysisBuilder.java:399)
	at org.eclipse.pde.api.tools.internal.builder.ApiAnalysisBuilder.build(ApiAnalysisBuilder.java:383)
	at org.eclipse.core.internal.events.BuildManager$2.run(BuildManager.java:1109)
	at org.eclipse.core.runtime.SafeRunner.run(SafeRunner.java:47)
	at org.eclipse.core.internal.events.BuildManager.basicBuild(BuildManager.java:299)
	at org.eclipse.core.internal.events.BuildManager.basicBuild(BuildManager.java:355)
	at org.eclipse.core.internal.events.BuildManager$1.run(BuildManager.java:449)
	at org.eclipse.core.runtime.SafeRunner.run(SafeRunner.java:47)
	at org.eclipse.core.internal.events.BuildManager.basicBuild(BuildManager.java:452)
	at org.eclipse.core.internal.events.BuildManager.basicBuildLoop(BuildManager.java:564)
	at org.eclipse.core.internal.events.BuildManager.basicBuildLoop(BuildManager.java:512)
	at org.eclipse.core.internal.events.BuildManager.build(BuildManager.java:594)
	at org.eclipse.core.internal.events.AutoBuildJob.doBuild(AutoBuildJob.java:208)
	at org.eclipse.core.internal.events.AutoBuildJob.run(AutoBuildJob.java:309)
	at org.eclipse.core.internal.jobs.Worker.run(Worker.java:63)
Caused by: java.lang.RuntimeException: Component was disposed here [Worker-57: Updating workspace]
	at org.eclipse.pde.api.tools.internal.model.BundleComponent.dispose(BundleComponent.java:199)
	at org.eclipse.pde.api.tools.internal.model.ProjectComponent.dispose(ProjectComponent.java:177)
	at org.eclipse.pde.api.tools.internal.model.ApiBaseline.doDispose(ApiBaseline.java:835)
	at org.eclipse.pde.api.tools.internal.model.WorkspaceBaseline.dispose(WorkspaceBaseline.java:55)
	at org.eclipse.pde.api.tools.internal.ApiBaselineManager.lambda$2(ApiBaselineManager.java:637)
	at org.eclipse.pde.api.tools.internal.ApiBaselineManager.disposeWorkspaceBaseline(ApiBaselineManager.java:660)
	at org.eclipse.pde.api.tools.internal.WorkspaceDeltaProcessor.processJavaElementDeltas(WorkspaceDeltaProcessor.java:108)
	at org.eclipse.pde.api.tools.internal.WorkspaceDeltaProcessor.elementChanged(WorkspaceDeltaProcessor.java:52)
	at org.eclipse.jdt.internal.core.DeltaProcessor$3.run(DeltaProcessor.java:1751)
	at org.eclipse.core.runtime.SafeRunner.run(SafeRunner.java:47)
	at org.eclipse.jdt.internal.core.DeltaProcessor.notifyListeners(DeltaProcessor.java:1739)
	at org.eclipse.jdt.internal.core.DeltaProcessor.firePostChangeDelta(DeltaProcessor.java:1572)
	at org.eclipse.jdt.internal.core.DeltaProcessor.fire(DeltaProcessor.java:1548)
	at org.eclipse.jdt.internal.core.DeltaProcessor.notifyAndFire(DeltaProcessor.java:2261)
	at org.eclipse.jdt.internal.core.DeltaProcessor.resourceChanged(DeltaProcessor.java:2153)
	at org.eclipse.jdt.internal.core.DeltaProcessingState.resourceChanged(DeltaProcessingState.java:490)
	at org.eclipse.core.internal.events.NotificationManager$1.run(NotificationManager.java:342)
	at org.eclipse.core.runtime.SafeRunner.run(SafeRunner.java:47)
	at org.eclipse.core.internal.events.NotificationManager.notify(NotificationManager.java:331)
	at org.eclipse.core.internal.events.NotificationManager.broadcastChanges(NotificationManager.java:185)
	at org.eclipse.core.internal.resources.Workspace.broadcastPostChange(Workspace.java:473)
	at org.eclipse.core.internal.resources.Workspace.endOperation(Workspace.java:1619)
	at org.eclipse.core.internal.resources.Workspace.run(Workspace.java:2522)
	at org.eclipse.core.internal.events.NotificationManager$NotifyJob.run(NotificationManager.java:68)
	... 1 more
!SUBENTRY 1 org.eclipse.pde.api.tools 4 123 2026-02-19 14:36:28.520
!MESSAGE Component 'Git Team Provider UI Test Fragment' in the baseline 'workspace' is disposed [Worker-56: Building]
!STACK 0
java.lang.RuntimeException: Component was disposed here [Worker-57: Updating workspace]
	at org.eclipse.pde.api.tools.internal.model.BundleComponent.dispose(BundleComponent.java:199)
	at org.eclipse.pde.api.tools.internal.model.ProjectComponent.dispose(ProjectComponent.java:177)
	at org.eclipse.pde.api.tools.internal.model.ApiBaseline.doDispose(ApiBaseline.java:835)
	at org.eclipse.pde.api.tools.internal.model.WorkspaceBaseline.dispose(WorkspaceBaseline.java:55)
	at org.eclipse.pde.api.tools.internal.ApiBaselineManager.lambda$2(ApiBaselineManager.java:637)
	at org.eclipse.pde.api.tools.internal.ApiBaselineManager.disposeWorkspaceBaseline(ApiBaselineManager.java:660)
	at org.eclipse.pde.api.tools.internal.WorkspaceDeltaProcessor.processJavaElementDeltas(WorkspaceDeltaProcessor.java:108)
	at org.eclipse.pde.api.tools.internal.WorkspaceDeltaProcessor.elementChanged(WorkspaceDeltaProcessor.java:52)
	at org.eclipse.jdt.internal.core.DeltaProcessor$3.run(DeltaProcessor.java:1751)
	at org.eclipse.core.runtime.SafeRunner.run(SafeRunner.java:47)
	at org.eclipse.jdt.internal.core.DeltaProcessor.notifyListeners(DeltaProcessor.java:1739)
	at org.eclipse.jdt.internal.core.DeltaProcessor.firePostChangeDelta(DeltaProcessor.java:1572)
	at org.eclipse.jdt.internal.core.DeltaProcessor.fire(DeltaProcessor.java:1548)
	at org.eclipse.jdt.internal.core.DeltaProcessor.notifyAndFire(DeltaProcessor.java:2261)
	at org.eclipse.jdt.internal.core.DeltaProcessor.resourceChanged(DeltaProcessor.java:2153)
	at org.eclipse.jdt.internal.core.DeltaProcessingState.resourceChanged(DeltaProcessingState.java:490)
	at org.eclipse.core.internal.events.NotificationManager$1.run(NotificationManager.java:342)
	at org.eclipse.core.runtime.SafeRunner.run(SafeRunner.java:47)
	at org.eclipse.core.internal.events.NotificationManager.notify(NotificationManager.java:331)
	at org.eclipse.core.internal.events.NotificationManager.broadcastChanges(NotificationManager.java:185)
	at org.eclipse.core.internal.resources.Workspace.broadcastPostChange(Workspace.java:473)
	at org.eclipse.core.internal.resources.Workspace.endOperation(Workspace.java:1619)
	at org.eclipse.core.internal.resources.Workspace.run(Workspace.java:2522)
	at org.eclipse.core.internal.events.NotificationManager$NotifyJob.run(NotificationManager.java:68)
	at org.eclipse.core.internal.jobs.Worker.run(Worker.java:63)

!ENTRY org.eclipse.ui 4 4 2026-02-19 14:37:41.546
!MESSAGE Conflicting handlers for org.eclipse.jdt.junit.junitShortcut.run: {org.eclipse.debug.internal.ui.launchConfigurations.LaunchShortcutExtension$LaunchCommandHandler@4fcff93f} vs {org.eclipse.debug.internal.ui.launchConfigurations.LaunchShortcutExtension$LaunchCommandHandler@54064acf} in: PartImpl (org.eclipse.jdt.ui.PackageExplorer) Context
!STACK 0
java.lang.IllegalStateException: Conflicting handlers: {[org.eclipse.debug.internal.ui.launchConfigurations.LaunchShortcutExtension$LaunchCommandHandler@4fcff93f,  for 'org.eclipse.jdt.junit.junitShortcut.run',  in WorkbenchContext, active=true, sourcePriority=0, participating=true]} vs {[org.eclipse.debug.internal.ui.launchConfigurations.LaunchShortcutExtension$LaunchCommandHandler@54064acf,  for 'org.eclipse.jdt.junit.junitShortcut.run',  in WorkbenchContext, active=true, sourcePriority=0, participating=true]} in: PartImpl (org.eclipse.jdt.ui.PackageExplorer) Context
	at org.eclipse.ui.internal.handlers.LegacyHandlerService$HandlerSelectionFunction.compute(LegacyHandlerService.java:144)
	at org.eclipse.e4.core.internal.contexts.ValueComputation.get(ValueComputation.java:72)
	at org.eclipse.e4.core.internal.contexts.EclipseContext.internalGet(EclipseContext.java:276)
	at org.eclipse.e4.core.internal.contexts.EclipseContext.internalGet(EclipseContext.java:287)
	at org.eclipse.e4.core.internal.contexts.EclipseContext.internalGet(EclipseContext.java:287)
	at org.eclipse.e4.core.internal.contexts.EclipseContext.internalGet(EclipseContext.java:287)
	at org.eclipse.e4.core.internal.contexts.EclipseContext.get(EclipseContext.java:239)
	at org.eclipse.e4.core.commands.internal.HandlerServiceImpl.lookUpHandler(HandlerServiceImpl.java:99)
	at org.eclipse.e4.core.commands.internal.HandlerServiceHandler.setEnabled(HandlerServiceHandler.java:81)
	at org.eclipse.core.commands.Command.setEnabled(Command.java:853)
	at org.eclipse.e4.core.commands.internal.HandlerServiceImpl.canExecute(HandlerServiceImpl.java:170)
	at org.eclipse.ui.internal.quickaccess.providers.CommandProvider.retrieveCommand(CommandProvider.java:143)
	at org.eclipse.ui.internal.quickaccess.providers.CommandProvider.getElements(CommandProvider.java:105)
	at org.eclipse.ui.internal.quickaccess.QuickAccessProvider.getElementsSorted(QuickAccessProvider.java:83)
	at org.eclipse.ui.internal.quickaccess.QuickAccessContents$3.runInUIThread(QuickAccessContents.java:395)
	at org.eclipse.ui.progress.UIJob.lambda$0(UIJob.java:148)
	at org.eclipse.swt.widgets.RunnableLock.run(RunnableLock.java:40)
	at org.eclipse.swt.widgets.Synchronizer.runAsyncMessages(Synchronizer.java:132)
	at org.eclipse.swt.widgets.Display.runAsyncMessages(Display.java:5084)
	at org.eclipse.swt.widgets.Display.readAndDispatch(Display.java:4549)
	at org.eclipse.e4.ui.internal.workbench.swt.PartRenderingEngine$5.run(PartRenderingEngine.java:1147)
	at org.eclipse.core.databinding.observable.Realm.runWithDefault(Realm.java:339)
	at org.eclipse.e4.ui.internal.workbench.swt.PartRenderingEngine.run(PartRenderingEngine.java:1038)
	at org.eclipse.e4.ui.internal.workbench.E4Workbench.createAndRunUI(E4Workbench.java:153)
	at org.eclipse.ui.internal.Workbench.lambda$3(Workbench.java:677)
	at org.eclipse.core.databinding.observable.Realm.runWithDefault(Realm.java:339)
	at org.eclipse.ui.internal.Workbench.createAndRunWorkbench(Workbench.java:583)
	at org.eclipse.ui.PlatformUI.createAndRunWorkbench(PlatformUI.java:173)
	at org.eclipse.ui.internal.ide.application.IDEApplication.start(IDEApplication.java:185)
	at org.eclipse.equinox.internal.app.EclipseAppHandle.run(EclipseAppHandle.java:219)
	at org.eclipse.equinox.internal.app.MainApplicationLauncher.run(MainApplicationLauncher.java:37)
	at org.eclipse.core.runtime.internal.adaptor.EclipseAppLauncher.runApplication(EclipseAppLauncher.java:149)
	at org.eclipse.core.runtime.internal.adaptor.EclipseAppLauncher.start(EclipseAppLauncher.java:115)
	at org.eclipse.core.runtime.adaptor.EclipseStarter.run(EclipseStarter.java:467)
	at org.eclipse.core.runtime.adaptor.EclipseStarter.run(EclipseStarter.java:298)
	at java.base/jdk.internal.reflect.DirectMethodHandleAccessor.invoke(DirectMethodHandleAccessor.java:103)
	at java.base/java.lang.reflect.Method.invoke(Method.java:580)
	at org.eclipse.equinox.launcher.Main.invokeFramework(Main.java:615)
	at org.eclipse.equinox.launcher.Main.basicRun(Main.java:563)
	at org.eclipse.equinox.launcher.Main.run(Main.java:1415)
	at org.eclipse.equinox.launcher.Main.main(Main.java:1387)
